//** 创建文件并将其添加至Git版本库 */
$ vi readme.txt								//编辑并新建一个文本文件

$ git add read.txt							//添加readme.txt至仓库

$ gir commit -m "wrote a readme file"		//添加一段说明


//** 随时掌握工作区的状态 git status */
$ git status								//查看仓库当前状态
On branch master
Changes not staged for commit:
  (use "git add <file>..." to update what will be committed)
  (use "git checkout -- <file>..." to discard changes in working directory)

        modified:   readme.txt

Untracked files:
  (use "git add <file>..." to include in what will be committed)

        .readme.txt.swp

no changes added to commit (use "git add" and/or "git commit -a")


//** 修改文件  */
$ git add readme.txt						//添加修改
warning: LF will be replaced by CRLF in readme.txt.
The file will have its original line endings in your working directory.

$ git commit -m "add distributed"			//添加修改的说明
[master 3eb5e17] add distributed
 1 file changed, 1 insertion(+), 1 deletion(-)
 
$ git diff readme.txt						//查看修改内容（文件修改前后对比）
warning: LF will be replaced by CRLF in readme.txt.
The file will have its original line endings in your working directory.
diff --git a/readme.txt b/readme.txt
index e8fe8db..cb75daf 100644
--- a/readme.txt
+++ b/readme.txt
@@ -1,2 +1,2 @@
-Git is a version conreol system.
+Git is a distributed version control system.
 Git is free software.


//** “时光穿梭机” */
$ git log									//查看版本历史纪录
commit 70151cdb1feb213471dfb24b95b9a7f358a48671 (HEAD -> master)
Author: 潘彤彤 <kami139@foxmail.com>
Date:   Mon Aug 19 15:06:09 2019 +0800

    append GPL

commit 3eb5e17fe4ebe672848f062082fbbb24a6cca834
Author: 潘彤彤 <kami139@foxmail.com>
Date:   Mon Aug 19 14:52:40 2019 +0800

    add distributed

commit e84dabe4d03d90b63b851c321a79f06c80a30990
Author: 潘彤彤 <kami139@foxmail.com>
Date:   Mon Aug 19 14:22:15 2019 +0800

    wrote a readme file

$ git log --pretty=oneline					//简单版本历史记录（commit id）
70151cdb1feb213471dfb24b95b9a7f358a48671 (HEAD -> master) append GPL
3eb5e17fe4ebe672848f062082fbbb24a6cca834 add distributed
e84dabe4d03d90b63b851c321a79f06c80a30990 wrote a readme file

$ git reset --hard HEAD^(等价写法：HEAD~1)	//回退至前一版本
HEAD is now at 3eb5e17 add distributed

$ git reset --hard 7015						//恢复回退至commit id为70151...的版本
HEAD is now at 70151cd append GPL
	/*
	git reset --hard COMMIT_ID             	//回退到指定的commit
	git push origin HEAD --force           	//强制将代码推到服务器，--force使服务器不会拒绝这个更低版本的commit
	*/
$ git reflog								//查看之前命令
70151cd (HEAD -> master) HEAD@{0}: reset: moving to 7015
3eb5e17 HEAD@{1}: reset: moving to HEAD^
70151cd (HEAD -> master) HEAD@{2}: reset: moving to 70151
e84dabe HEAD@{3}: reset: moving to HEAD~2
70151cd (HEAD -> master) HEAD@{4}: commit: append GPL
3eb5e17 HEAD@{5}: commit: add distributed
e84dabe HEAD@{6}: commit (initial): wrote a readme file

//** 查看文件当前内容 */
$ cat readme.txt 					//查看文件readme.txt内容
Git is a distributed version control system.
Git is free software distributed under the GPL.


$ git diff HEAD -- readme.txt		//查看工作区和版本库中最新版本的区别
diff --git a/readme.txt b/readme.txt
index 079265d..c2f462d 100644
--- a/readme.txt
+++ b/readme.txt
@@ -1,4 +1,4 @@
 Git is a distributed version control system.
 Git is free software distributed under the GPL.
 Git has a mutable index called stage.
-Git trscks changes of files.
+Git trscks changes.


$ git checkout -- readme.txt	//撤销文件修改（工作区）
$ git reset HEAD readme.txt		//撤销文件添加（暂存区）

$ rm test.txt					//删除文件（工作区）

$ git rm test.txt				//删除文件（版本库）
$ git commit -m "remove test.txt"
[master d46f35e] remove test.txt
 1 file changed, 1 deletion(-)
 delete mode 100644 test.txt
 
 
//** 提交文件至服务器本项目分支 */
git remote add origin ***	//设置远程源(remote origin)
git pull origin master		//拉取远程master分支(pull)
git branch New				//创建本地New分支(branch)
git checkout New			//转到New分支(checkout)
git add ***.txt
git commit -a -m "提交***"
git checkout master			//转到主分支
git merge New				//将New分支加入到主分支
git push origin master		//同步主分支

git pull origin New			//下载服务器New分支
git status
git branch Docs
git checjout Docs			//创建并转入新分支Docs
git add ***
git commit -a -m "提交***"
git checkout New			//转到New分支
git merge Docs				//将Docs加入New分支
git push origin New			//同步New分支